
[1m[93m============================================================[0m
[1m[93m  1. Health Check[0m
[1m[93m============================================================[0m
  [96m>[0m GET / returns 200 with status/version/mode=mock ... [92mPASS[0m

[1m[93m============================================================[0m
[1m[93m  2. Authentication — /api/auth/me[0m
[1m[93m============================================================[0m
  [96m>[0m Admin user authenticated correctly ... [92mPASS[0m
  [96m>[0m Analyst user authenticated correctly ... [92mPASS[0m
  [96m>[0m Viewer user authenticated correctly ... [92mPASS[0m
  [96m>[0m Multiple roles in header parsed correctly ... [92mPASS[0m
  [96m>[0m Unrecognised role name returns 401 ... [92mPASS[0m
  [96m>[0m Empty X-Mock-Roles falls back to default mock roles (200) ... [92mPASS[0m
  [96m>[0m No auth headers falls back to mock defaults (200) ... [92mPASS[0m

[1m[93m============================================================[0m
[1m[93m  3. Role-Based Access Control[0m
[1m[93m============================================================[0m
  [96m>[0m Viewer blocked from AML monitor (403) ... [92mPASS[0m
  [96m>[0m Viewer blocked from STR generation (403) ... [92mPASS[0m
  [96m>[0m Analyst blocked from STR generation (403) ... [92mPASS[0m
  [96m>[0m Viewer can read regulatory updates (200) ... [92mPASS[0m
  [96m>[0m Viewer blocked from regulatory summarize (403) ... [92mPASS[0m

[1m[93m============================================================[0m
[1m[93m  4. KYC — /api/kyc[0m
[1m[93m============================================================[0m
  [96m>[0m KYC risk score — fully verified customer ... [92mPASS[0m
  [96m>[0m KYC risk score — unverified customer returns HIGH ... [92mPASS[0m
  [96m>[0m KYC risk score — face_confidence > 1.0 returns 422 ... [92mPASS[0m
  [96m>[0m KYC risk score — viewer role returns 403 ... [92mPASS[0m

[1m[93m============================================================[0m
[1m[93m  5. AML — /api/aml[0m
[1m[93m============================================================[0m
  [96m>[0m AML monitor — single transaction analyzed ... [92mPASS[0m
  [96m>[0m AML monitor — batch of 3 transactions analyzed ... [92mPASS[0m
  [96m>[0m AML monitor — empty batch handled gracefully ... [92mPASS[0m
  [96m>[0m AML monitor — negative amount returns 422 ... [92mPASS[0m
  [96m>[0m AML monitor — invalid channel returns 422 ... [92mPASS[0m
  [96m>[0m AML STR generation — admin can generate STR ... [92mPASS[0m
  [96m>[0m AML STR generation — compliance_officer can generate STR ... [92mPASS[0m

[1m[93m============================================================[0m
[1m[93m  6. Tax Verification — /api/tax[0m
[1m[93m============================================================[0m
  [96m>[0m Tax verify TIN — valid TIN returns result ... [92mPASS[0m
  [96m>[0m Tax verify TIN — non-numeric TIN returns 422 ... [92mPASS[0m
  [96m>[0m Tax verify TIN — TIN too short returns 422 ... [92mPASS[0m
  [96m>[0m Tax bulk verify — 3 records processed correctly ... [92mPASS[0m
  [96m>[0m Tax verify TIN — viewer role returns 403 ... [92mPASS[0m

[1m[93m============================================================[0m
[1m[93m  7. Regulatory — /api/regulatory[0m
[1m[93m============================================================[0m
  [96m>[0m Regulatory updates — returns list of updates ... [92mPASS[0m
  [96m>[0m Regulatory summarize — returns structured summary ... [92mPASS[0m
  [96m>[0m Regulatory summarize — text too short returns 422 ... [92mPASS[0m

[1m[93m============================================================[0m
[1m[93m  8. Rate Limiting[0m
[1m[93m============================================================[0m
  [96m>[0m Rate limit headers present on responses ... [92mPASS[0m

[1m[93m============================================================[0m
[1m[93m  9. Error Response Format[0m
[1m[93m============================================================[0m
  [96m>[0m 403 response has error/detail field ... [91mFAIL[0m  ->  
  [96m>[0m 422 response has error/detail field ... [92mPASS[0m
  [96m>[0m Unknown route returns 404 ... [92mPASS[0m

[1m[93m============================================================[0m
[1m[93m  10. OpenAPI / Docs[0m
[1m[93m============================================================[0m
  [96m>[0m OpenAPI schema includes all major routes ... [91mFAIL[0m  ->  Route /api/aml/screen missing from OpenAPI schema
  [96m>[0m Swagger UI accessible at /docs ... [92mPASS[0m

[1m============================================================[0m
[1m  TEST SUMMARY[0m
[1m============================================================[0m
  Total :  38
  [92mPassed:  36[0m
  [91mFailed:  2[0m
[1m============================================================[0m

[91m[1m  FAILED TESTS:[0m
  [91mx[0m 403 response has error/detail field
    [93m-> [0m
  [91mx[0m OpenAPI schema includes all major routes
    [93m-> Route /api/aml/screen missing from OpenAPI schema[0m

